// Jest Snapshot v1, https://goo.gl/fbAQLP

exports[`Test render simple 1`] = `
<div>
  <div
    classname="root"
  >
    <span>
      Hi
    </span>
  </div>
</div>
`;
